version https://git-lfs.github.com/spec/v1
oid sha256:8d24d2ee6d4893d844c7c71ad21e0495b09a4e4514325db04060212064e9ff82
size 24653824
