version https://git-lfs.github.com/spec/v1
oid sha256:c891ddf8fbdc31059329290e938b3728ee3db831c677be45185138023c748963
size 20029440
