version https://git-lfs.github.com/spec/v1
oid sha256:af3ce657d78b4a450c2072c2245a62f9b221e47b3cf82cc3d1cf4c9346f87e7d
size 19832832
