version https://git-lfs.github.com/spec/v1
oid sha256:a55c85bd7cf14cdba92de40df167aaebfca14a74cea945c1ebb269628dfcace3
size 239738880
