version https://git-lfs.github.com/spec/v1
oid sha256:758d717ae32cb1aba7c69a497915bac18de30e1d2e5ed00b9d3d01edf19f004a
size 181309440
