version https://git-lfs.github.com/spec/v1
oid sha256:5fa4160cbc91b4576d8212a800099a46aa1d7286788f205529cde5910fea961e
size 239828992
