version https://git-lfs.github.com/spec/v1
oid sha256:3dfac8f90486f6eff2764e7ce15dbd5e92be5a6e7bbe127674ddf7ddbc2ef67d
size 24657920
