version https://git-lfs.github.com/spec/v1
oid sha256:32f98fe7d80e012a3739a07e5d5dc5e94741e4bbbbdeba519284e8d7f91f2049
size 28553216
